10-08 08:23:15.353  2624  2655 I TestRunner: started: clicking_horizontal_list_button_displays_horizontal_list(com.example.dogglers.ButtonTests)
10-08 08:23:16.360   661  2683 D EGL_emulation: eglCreateContext: 0xbd290c00: maj 3 min 1 rcv 4
10-08 08:23:16.366  2624  2657 E eglCodecCommon: goldfish_dma_create_region: could not obtain fd to device! fd -1 errno=2
10-08 08:23:16.383  2624  2624 D LifecycleMonitor: Lifecycle status change: androidx.test.core.app.InstrumentationActivityInvoker$EmptyActivity@eb274eb in: STOPPED
10-08 08:23:16.391  1087  1572 I OpenGLRenderer: Davey! duration=2305ms; Flags=0, IntendedVsync=395606960848, Vsync=395606960848, OldestInputEvent=9223372036854775807, NewestInputEvent=0, HandleInputStart=395607392035, AnimationStart=395607396069, PerformTraversalsStart=395607704858, DrawStart=395607816264, SyncQueued=395607872944, SyncStart=396086471077, IssueDrawCommandsStart=396086714564, SwapBuffers=396089112120, FrameCompleted=398390946239, DequeueBufferDuration=2284774000, QueueBufferDuration=0,
10-08 08:23:16.404  1087  1087 I Choreographer: Skipped 138 frames!  The application may be doing too much work on its main thread.
10-08 08:23:16.409  2624  2624 D LifecycleMonitor: Lifecycle status change: androidx.test.core.app.InstrumentationActivityInvoker$EmptyActivity@eb274eb in: DESTROYED
10-08 08:23:16.431  2624  2655 W Settings: Setting always_finish_activities has moved from android.provider.Settings.System to android.provider.Settings.Global, returning read-only value.
10-08 08:23:16.468  2624  2624 W ActivityThread: handleWindowVisibility: no activity for token android.os.BinderProxy@98a4c8e
10-08 08:23:16.481  2624  2624 D LifecycleMonitor: Lifecycle status change: androidx.test.core.app.InstrumentationActivityInvoker$BootstrapActivity@70a0caf in: PRE_ON_CREATE
10-08 08:23:16.482  2624  2624 V ActivityScenario: Activity lifecycle changed event received but ignored because the intent does not match. startActivityIntent=Intent { act=android.intent.action.MAIN cat=[android.intent.category.LAUNCHER] cmp=com.example.dogglers/.MainActivity }, activity.getIntent()=Intent { act=android.intent.action.MAIN cat=[android.intent.category.LAUNCHER] flg=0x10008000 cmp=com.example.dogglers/androidx.test.core.app.InstrumentationActivityInvoker$BootstrapActivity (has extras) }, activity=androidx.test.core.app.InstrumentationActivityInvoker$BootstrapActivity@70a0caf
10-08 08:23:16.507  2624  2624 D LifecycleMonitor: Lifecycle status change: androidx.test.core.app.InstrumentationActivityInvoker$BootstrapActivity@70a0caf in: CREATED
10-08 08:23:16.507  2624  2624 V ActivityScenario: Activity lifecycle changed event received but ignored because the intent does not match. startActivityIntent=Intent { act=android.intent.action.MAIN cat=[android.intent.category.LAUNCHER] cmp=com.example.dogglers/.MainActivity }, activity.getIntent()=Intent { act=android.intent.action.MAIN cat=[android.intent.category.LAUNCHER] flg=0x10008000 cmp=com.example.dogglers/androidx.test.core.app.InstrumentationActivityInvoker$BootstrapActivity (has extras) }, activity=androidx.test.core.app.InstrumentationActivityInvoker$BootstrapActivity@70a0caf
10-08 08:23:16.514  2624  2624 D LifecycleMonitor: Lifecycle status change: androidx.test.core.app.InstrumentationActivityInvoker$BootstrapActivity@70a0caf in: STARTED
10-08 08:23:16.515  2624  2624 V ActivityScenario: Activity lifecycle changed event received but ignored because the intent does not match. startActivityIntent=Intent { act=android.intent.action.MAIN cat=[android.intent.category.LAUNCHER] cmp=com.example.dogglers/.MainActivity }, activity.getIntent()=Intent { act=android.intent.action.MAIN cat=[android.intent.category.LAUNCHER] flg=0x10008000 cmp=com.example.dogglers/androidx.test.core.app.InstrumentationActivityInvoker$BootstrapActivity (has extras) }, activity=androidx.test.core.app.InstrumentationActivityInvoker$BootstrapActivity@70a0caf
10-08 08:23:16.519   318   318 W SurfaceFlinger: couldn't log to binary event log: overflow.
10-08 08:23:16.519   318   318 E Layer   : [Surface(name=AppWindowToken{b70de00 token=Token{9c93c83 ActivityRecord{813c732 u0 com.example.dogglers/androidx.test.core.app.InstrumentationActivityInvoker$EmptyActivity t145}}})/@0x577c730 - animation-leash#0] No local sync point found
10-08 08:23:16.519   318   318 E Layer   : [Surface(name=AppWindowToken{8f0c27b token=Token{ade4a0a ActivityRecord{15c0a75 u0 com.android.launcher3/.Launcher t144}}})/@0x44ae4f3 - animation-leash#0] No local sync point found
10-08 08:23:16.520  2624  2624 D LifecycleMonitor: Lifecycle status change: androidx.test.core.app.InstrumentationActivityInvoker$BootstrapActivity@70a0caf in: RESUMED
10-08 08:23:16.520  2624  2624 V ActivityScenario: Activity lifecycle changed event received but ignored because the intent does not match. startActivityIntent=Intent { act=android.intent.action.MAIN cat=[android.intent.category.LAUNCHER] cmp=com.example.dogglers/.MainActivity }, activity.getIntent()=Intent { act=android.intent.action.MAIN cat=[android.intent.category.LAUNCHER] flg=0x10008000 cmp=com.example.dogglers/androidx.test.core.app.InstrumentationActivityInvoker$BootstrapActivity (has extras) }, activity=androidx.test.core.app.InstrumentationActivityInvoker$BootstrapActivity@70a0caf
10-08 08:23:16.522  2624  2624 D LifecycleMonitor: Lifecycle status change: androidx.test.core.app.InstrumentationActivityInvoker$BootstrapActivity@70a0caf in: PAUSED
10-08 08:23:16.523  2624  2624 V ActivityScenario: Activity lifecycle changed event received but ignored because the intent does not match. startActivityIntent=Intent { act=android.intent.action.MAIN cat=[android.intent.category.LAUNCHER] cmp=com.example.dogglers/.MainActivity }, activity.getIntent()=Intent { act=android.intent.action.MAIN cat=[android.intent.category.LAUNCHER] flg=0x10008000 cmp=com.example.dogglers/androidx.test.core.app.InstrumentationActivityInvoker$BootstrapActivity (has extras) }, activity=androidx.test.core.app.InstrumentationActivityInvoker$BootstrapActivity@70a0caf
10-08 08:23:16.528  2624  2624 W ActivityThread: handleWindowVisibility: no activity for token android.os.BinderProxy@75a9045
10-08 08:23:16.530   661   674 I system_server: NativeAlloc concurrent copying GC freed 55796(2414KB) AllocSpace objects, 22(920KB) LOS objects, 42% free, 7361KB/12MB, paused 108us total 124.900ms
10-08 08:23:16.535  2624  2624 D LifecycleMonitor: Lifecycle status change: com.example.dogglers.MainActivity@898ebc1 in: PRE_ON_CREATE
10-08 08:23:16.536  2624  2624 V ActivityScenario: Activity lifecycle changed event received but ignored because the reported transition was not ON_CREATE while the last known transition was PRE_ON_CREATE
10-08 08:23:16.568  2624  2624 D LifecycleMonitor: Lifecycle status change: com.example.dogglers.MainActivity@898ebc1 in: CREATED
10-08 08:23:16.568  2624  2624 V ActivityScenario: Update currentActivityStage to CREATED, currentActivity=com.example.dogglers.MainActivity@898ebc1
10-08 08:23:16.570  2624  2624 D LifecycleMonitor: Lifecycle status change: com.example.dogglers.MainActivity@898ebc1 in: STARTED
10-08 08:23:16.570  2624  2624 V ActivityScenario: Update currentActivityStage to STARTED, currentActivity=com.example.dogglers.MainActivity@898ebc1
10-08 08:23:16.572  2624  2624 D LifecycleMonitor: Lifecycle status change: com.example.dogglers.MainActivity@898ebc1 in: RESUMED
10-08 08:23:16.572  2624  2624 V ActivityScenario: Update currentActivityStage to RESUMED, currentActivity=com.example.dogglers.MainActivity@898ebc1
10-08 08:23:16.575  2624  2655 W xample.doggler: Accessing hidden method Landroid/view/ViewConfiguration;->getDoubleTapMinTime()I (greylist, reflection, allowed)
10-08 08:23:16.577  2624  2655 W xample.doggler: Accessing hidden method Lsun/misc/Unsafe;->compareAndSwapObject(Ljava/lang/Object;JLjava/lang/Object;Ljava/lang/Object;)Z (greylist, linking, allowed)
10-08 08:23:17.834  1087  1572 I OpenGLRenderer: Davey! duration=1327ms; Flags=0, IntendedVsync=398487546665, Vsync=398487546665, OldestInputEvent=9223372036854775807, NewestInputEvent=0, HandleInputStart=398487831120, AnimationStart=398487849343, PerformTraversalsStart=398487926689, DrawStart=398488142660, SyncQueued=398488280791, SyncStart=398507649162, IssueDrawCommandsStart=398507744808, SwapBuffers=399782451387, FrameCompleted=399834045229, DequeueBufferDuration=7303000, QueueBufferDuration=2168000,
10-08 08:23:17.845  1087  1087 I Choreographer: Skipped 67 frames!  The application may be doing too much work on its main thread.
10-08 08:23:17.998  2624  2657 I OpenGLRenderer: Davey! duration=1397ms; Flags=1, IntendedVsync=398590552259, Vsync=398590552259, OldestInputEvent=9223372036854775807, NewestInputEvent=0, HandleInputStart=398591002866, AnimationStart=398591047971, PerformTraversalsStart=398591059553, DrawStart=399897853334, SyncQueued=399969161544, SyncStart=399979157511, IssueDrawCommandsStart=399979215458, SwapBuffers=399981444954, FrameCompleted=399998083707, DequeueBufferDuration=141000, QueueBufferDuration=695000,
10-08 08:23:18.023  2624  2624 I Choreographer: Skipped 84 frames!  The application may be doing too much work on its main thread.
10-08 08:23:18.036   661   690 I ActivityTaskManager: Displayed com.example.dogglers/.MainActivity: +1s585ms
10-08 08:23:18.045  2624  2657 I OpenGLRenderer: Davey! duration=1436ms; Flags=0, IntendedVsync=398607722900, Vsync=400007722844, OldestInputEvent=9223372036854775807, NewestInputEvent=0, HandleInputStart=400023213879, AnimationStart=400023281054, PerformTraversalsStart=400023801106, DrawStart=400026622747, SyncQueued=400031954783, SyncStart=400033258434, IssueDrawCommandsStart=400033513241, SwapBuffers=400035056547, FrameCompleted=400045817138, DequeueBufferDuration=176000, QueueBufferDuration=1332000,
10-08 08:23:18.048  2624  2624 I ViewInteraction: Performing 'single click' action on view view.getId() is <2131230947/com.example.dogglers:id/horizontal_btn>
10-08 08:23:18.058   313   313 E lowmemorykiller: Error writing /proc/1829/oom_score_adj; errno=22
10-08 08:23:18.062   164   164 I hwservicemanager: getTransport: Cannot find entry android.hardware.light@2.0::ILight/default in either framework or device manifest.
10-08 08:23:18.070  2624  2624 D LifecycleMonitor: Lifecycle status change: androidx.test.core.app.InstrumentationActivityInvoker$BootstrapActivity@70a0caf in: STOPPED
10-08 08:23:18.070  2624  2624 V ActivityScenario: Activity lifecycle changed event received but ignored because the intent does not match. startActivityIntent=Intent { act=android.intent.action.MAIN cat=[android.intent.category.LAUNCHER] cmp=com.example.dogglers/.MainActivity }, activity.getIntent()=Intent { act=android.intent.action.MAIN cat=[android.intent.category.LAUNCHER] flg=0x10008000 cmp=com.example.dogglers/androidx.test.core.app.InstrumentationActivityInvoker$BootstrapActivity (has extras) }, activity=androidx.test.core.app.InstrumentationActivityInvoker$BootstrapActivity@70a0caf
10-08 08:23:18.082   164   164 I hwservicemanager: getTransport: Cannot find entry android.hardware.light@2.0::ILight/default in either framework or device manifest.
10-08 08:23:18.109   164   164 I chatty  : uid=1000(system) hwservicemanage identical 1 line
10-08 08:23:18.118   164   164 I hwservicemanager: getTransport: Cannot find entry android.hardware.light@2.0::ILight/default in either framework or device manifest.
10-08 08:23:18.119   284   284 I Zygote  : Process 1829 exited due to signal 9 (Killed)
10-08 08:23:18.141   164   164 I hwservicemanager: getTransport: Cannot find entry android.hardware.light@2.0::ILight/default in either framework or device manifest.
10-08 08:23:18.144   661   693 I libprocessgroup: Successfully killed process cgroup uid 1000 pid 1829 in 85ms
10-08 08:23:18.154   164   164 I hwservicemanager: getTransport: Cannot find entry android.hardware.light@2.0::ILight/default in either framework or device manifest.
10-08 08:23:18.553   164   164 I chatty  : uid=1000(system) hwservicemanage identical 20 lines
10-08 08:23:18.572   164   164 I hwservicemanager: getTransport: Cannot find entry android.hardware.light@2.0::ILight/default in either framework or device manifest.
10-08 08:23:18.906  1087  1572 I OpenGLRenderer: Davey! duration=1068ms; Flags=0, IntendedVsync=398710338404, Vsync=398710338404, OldestInputEvent=9223372036854775807, NewestInputEvent=0, HandleInputStart=398716597311, AnimationStart=398716609726, PerformTraversalsStart=398717051270, DrawStart=398717181289, SyncQueued=398717399817, SyncStart=399845128579, IssueDrawCommandsStart=399845313364, SwapBuffers=400459770970, FrameCompleted=400906612352, DequeueBufferDuration=196000, QueueBufferDuration=536000,
10-08 08:23:18.911  1087  1087 I Choreographer: Skipped 60 frames!  The application may be doing too much work on its main thread.
10-08 08:23:19.170  1087  1572 I OpenGLRenderer: Davey! duration=1380ms; Flags=0, IntendedVsync=398727512113, Vsync=399844178735, OldestInputEvent=9223372036854775807, NewestInputEvent=0, HandleInputStart=399845939051, AnimationStart=399846039962, PerformTraversalsStart=399846731265, DrawStart=399847217884, SyncQueued=399847511146, SyncStart=400909630491, IssueDrawCommandsStart=400909844985, SwapBuffers=400965818877, FrameCompleted=401169800828, DequeueBufferDuration=569000, QueueBufferDuration=534000,
10-08 08:23:19.201  2624  2657 I OpenGLRenderer: Davey! duration=1136ms; Flags=0, IntendedVsync=400061290558, Vsync=400061290558, OldestInputEvent=9223372036854775807, NewestInputEvent=0, HandleInputStart=400072485582, AnimationStart=400072591442, PerformTraversalsStart=400074843049, DrawStart=400075572781, SyncQueued=400077892666, SyncStart=400081092409, IssueDrawCommandsStart=400081321141, SwapBuffers=400945909922, FrameCompleted=401201311688, DequeueBufferDuration=12804000, QueueBufferDuration=17915000,
10-08 08:23:19.205  2624  2624 W MotionEvents: Overslept and turned a tap into a long press
10-08 08:23:19.207  2624  2624 I Choreographer: Skipped 66 frames!  The application may be doing too much work on its main thread.
10-08 08:23:19.295  2624  2624 D LifecycleMonitor: Lifecycle status change: com.example.dogglers.MainActivity@898ebc1 in: PAUSED
10-08 08:23:19.295  2624  2624 V ActivityScenario: Update currentActivityStage to PAUSED, currentActivity=com.example.dogglers.MainActivity@898ebc1
10-08 08:23:19.311  2624  2624 W ActivityThread: handleWindowVisibility: no activity for token android.os.BinderProxy@853cc74
10-08 08:23:19.328   309   309 D AF::TrackHandle: OpPlayAudio: track:55 usage:13 not muted
10-08 08:23:19.330   661   789 W AudioTrack: createTrack_l(-1): AUDIO_OUTPUT_FLAG_FAST denied by server; frameCount 0 -> 4512
10-08 08:23:19.330  2624  2624 D LifecycleMonitor: Lifecycle status change: com.example.dogglers.HorizontalListActivity@5cc655e in: PRE_ON_CREATE
10-08 08:23:19.331  2624  2624 V ActivityScenario: Activity lifecycle changed event received but ignored because the intent does not match. startActivityIntent=Intent { act=android.intent.action.MAIN cat=[android.intent.category.LAUNCHER] cmp=com.example.dogglers/.MainActivity }, activity.getIntent()=Intent { cmp=com.example.dogglers/.HorizontalListActivity }, activity=com.example.dogglers.HorizontalListActivity@5cc655e
10-08 08:23:19.342   291   333 W DeviceHAL: Error from HAL Device in function set_voice_volume: Function not implemented
10-08 08:23:19.388  2624  2624 D LifecycleMonitor: Lifecycle status change: com.example.dogglers.HorizontalListActivity@5cc655e in: CREATED
10-08 08:23:19.388  2624  2624 V ActivityScenario: Activity lifecycle changed event received but ignored because the intent does not match. startActivityIntent=Intent { act=android.intent.action.MAIN cat=[android.intent.category.LAUNCHER] cmp=com.example.dogglers/.MainActivity }, activity.getIntent()=Intent { cmp=com.example.dogglers/.HorizontalListActivity }, activity=com.example.dogglers.HorizontalListActivity@5cc655e
10-08 08:23:19.390  2624  2624 D LifecycleMonitor: Lifecycle status change: com.example.dogglers.HorizontalListActivity@5cc655e in: STARTED
10-08 08:23:19.391  2624  2624 V ActivityScenario: Activity lifecycle changed event received but ignored because the intent does not match. startActivityIntent=Intent { act=android.intent.action.MAIN cat=[android.intent.category.LAUNCHER] cmp=com.example.dogglers/.MainActivity }, activity.getIntent()=Intent { cmp=com.example.dogglers/.HorizontalListActivity }, activity=com.example.dogglers.HorizontalListActivity@5cc655e
10-08 08:23:19.392  2624  2624 D LifecycleMonitor: Lifecycle status change: com.example.dogglers.HorizontalListActivity@5cc655e in: RESUMED
10-08 08:23:19.392  2624  2624 V ActivityScenario: Activity lifecycle changed event received but ignored because the intent does not match. startActivityIntent=Intent { act=android.intent.action.MAIN cat=[android.intent.category.LAUNCHER] cmp=com.example.dogglers/.MainActivity }, activity.getIntent()=Intent { cmp=com.example.dogglers/.HorizontalListActivity }, activity=com.example.dogglers.HorizontalListActivity@5cc655e
10-08 08:23:20.615   291   333 E /vendor/bin/hw/android.hardware.audio@2.0-service: Failed to get IAshmemDeviceService.
10-08 08:23:20.615   291   333 I chatty  : uid=1041(audioserver) HwBinder:291_2 identical 1 line
10-08 08:23:20.616   291   333 E /vendor/bin/hw/android.hardware.audio@2.0-service: Failed to get IAshmemDeviceService.
10-08 08:23:36.495   661   685 W system_server: Long monitor contention with owner android.anim (686) at void com.android.server.wm.WindowSurfacePlacer.lambda$new$0$WindowSurfacePlacer()(WindowSurfacePlacer.java:61) waiters=0 in void com.android.server.wm.ActivityTaskManagerService.lambda$notifyEnterAnimationComplete$1$ActivityTaskManagerService(android.os.IBinder) for 11.762s
10-08 08:23:36.495   661   686 I Choreographer: Skipped 704 frames!  The application may be doing too much work on its main thread.
10-08 08:23:36.495   661   682 W system_server: Long monitor contention with owner android.anim (686) at void com.android.server.wm.WindowSurfacePlacer.lambda$new$0$WindowSurfacePlacer()(WindowSurfacePlacer.java:61) waiters=1 in void com.android.server.wm.WindowManagerService.monitor() for 7.099s
10-08 08:23:36.495  2624  2657 I OpenGLRenderer: Davey! duration=17160ms; Flags=1, IntendedVsync=401318550916, Vsync=401601884238, OldestInputEvent=9223372036854775807, NewestInputEvent=0, HandleInputStart=401611741383, AnimationStart=401611838574, PerformTraversalsStart=401612222597, DrawStart=401682777571, SyncQueued=401695021339, SyncStart=401711359405, IssueDrawCommandsStart=401711711780, SwapBuffers=403133705207, FrameCompleted=418495478274, DequeueBufferDuration=434000, QueueBufferDuration=1312000,
10-08 08:23:36.719   821   821 I wpa_supplicant: wlan0: CTRL-EVENT-BEACON-LOSS
10-08 08:23:36.722   661   682 W system_server: Long monitor contention with owner android.anim (686) at void com.android.server.wm.WindowAnimator.animate(long)(WindowAnimator.java:132) waiters=1 in void com.android.server.wm.WindowManagerService.monitor() for 226ms
10-08 08:23:41.139  2624  2657 I OpenGLRenderer: Davey! duration=17940ms; Flags=1, IntendedVsync=401318550916, Vsync=401601884238, OldestInputEvent=9223372036854775807, NewestInputEvent=0, HandleInputStart=401611741383, AnimationStart=401611838574, PerformTraversalsStart=401612222597, DrawStart=418495888039, SyncQueued=418497015715, SyncStart=422377024131, IssueDrawCommandsStart=422377084474, SwapBuffers=422416920542, FrameCompleted=423139432202, DequeueBufferDuration=458000, QueueBufferDuration=943000,
10-08 08:23:41.152  2624  2624 I Choreographer: Skipped 1291 frames!  The application may be doing too much work on its main thread.
10-08 08:23:42.379  2624  2657 I OpenGLRenderer: Davey! duration=21874ms; Flags=0, IntendedVsync=401628438287, Vsync=423145104093, OldestInputEvent=9223372036854775807, NewestInputEvent=0, HandleInputStart=423152755963, AnimationStart=423152877487, PerformTraversalsStart=423153489855, DrawStart=423159240027, SyncQueued=423161087748, SyncStart=424037965396, IssueDrawCommandsStart=424038023783, SwapBuffers=424367247190, FrameCompleted=424379922544, DequeueBufferDuration=160000, QueueBufferDuration=727000,
10-08 08:23:42.381  2624  2624 D LifecycleMonitor: Lifecycle status change: com.example.dogglers.MainActivity@898ebc1 in: STOPPED
10-08 08:23:42.381  2624  2624 V ActivityScenario: Update currentActivityStage to STOPPED, currentActivity=com.example.dogglers.MainActivity@898ebc1
10-08 08:23:51.042   291  2696 W StreamHAL: Error from HAL stream in function write: Broken pipe
10-08 08:23:51.042   309   348 E AudioStreamOutSink: Error while writing data to HAL: -61
10-08 08:23:51.102   309   349 W AudioFlinger: write blocked for 30388 msecs, 1 delayed writes, thread 13
10-08 08:23:51.451  2624  2655 W xample.doggler: Accessing hidden method Lsun/misc/Unsafe;->compareAndSwapObject(Ljava/lang/Object;JLjava/lang/Object;Ljava/lang/Object;)Z (greylist, linking, allowed)
10-08 08:23:51.452  2624  2624 I ViewInteraction: Checking 'MatchesViewAssertion{viewMatcher=(view has effective visibility <VISIBLE> and view.getGlobalVisibleRect() to return non-empty rectangle)}' assertion on view view.getId() is <2131230949/com.example.dogglers:id/horizontal_recycler_view>
10-08 08:23:51.459  2624  2624 D LifecycleMonitor: Lifecycle status change: com.example.dogglers.HorizontalListActivity@5cc655e in: PAUSED
10-08 08:23:51.459  2624  2624 V ActivityScenario: Activity lifecycle changed event received but ignored because the intent does not match. startActivityIntent=Intent { act=android.intent.action.MAIN cat=[android.intent.category.LAUNCHER] cmp=com.example.dogglers/.MainActivity }, activity.getIntent()=Intent { cmp=com.example.dogglers/.HorizontalListActivity }, activity=com.example.dogglers.HorizontalListActivity@5cc655e
10-08 08:23:51.462  2624  2624 W ActivityThread: handleWindowVisibility: no activity for token android.os.BinderProxy@ac794f6
10-08 08:23:51.467  2624  2624 D LifecycleMonitor: Lifecycle status change: androidx.test.core.app.InstrumentationActivityInvoker$EmptyActivity@2a190f7 in: PRE_ON_CREATE
10-08 08:23:51.467  2624  2624 V ActivityScenario: Activity lifecycle changed event received but ignored because the intent does not match. startActivityIntent=Intent { act=android.intent.action.MAIN cat=[android.intent.category.LAUNCHER] cmp=com.example.dogglers/.MainActivity }, activity.getIntent()=Intent { act=android.intent.action.MAIN cat=[android.intent.category.LAUNCHER] flg=0x10000000 cmp=com.example.dogglers/androidx.test.core.app.InstrumentationActivityInvoker$EmptyActivity }, activity=androidx.test.core.app.InstrumentationActivityInvoker$EmptyActivity@2a190f7
10-08 08:23:51.472  2624  2624 D LifecycleMonitor: Lifecycle status change: androidx.test.core.app.InstrumentationActivityInvoker$EmptyActivity@2a190f7 in: CREATED
10-08 08:23:51.473  2624  2624 V ActivityScenario: Activity lifecycle changed event received but ignored because the intent does not match. startActivityIntent=Intent { act=android.intent.action.MAIN cat=[android.intent.category.LAUNCHER] cmp=com.example.dogglers/.MainActivity }, activity.getIntent()=Intent { act=android.intent.action.MAIN cat=[android.intent.category.LAUNCHER] flg=0x10000000 cmp=com.example.dogglers/androidx.test.core.app.InstrumentationActivityInvoker$EmptyActivity }, activity=androidx.test.core.app.InstrumentationActivityInvoker$EmptyActivity@2a190f7
10-08 08:23:51.474  2624  2624 D LifecycleMonitor: Lifecycle status change: androidx.test.core.app.InstrumentationActivityInvoker$EmptyActivity@2a190f7 in: STARTED
10-08 08:23:51.475  2624  2624 V ActivityScenario: Activity lifecycle changed event received but ignored because the intent does not match. startActivityIntent=Intent { act=android.intent.action.MAIN cat=[android.intent.category.LAUNCHER] cmp=com.example.dogglers/.MainActivity }, activity.getIntent()=Intent { act=android.intent.action.MAIN cat=[android.intent.category.LAUNCHER] flg=0x10000000 cmp=com.example.dogglers/androidx.test.core.app.InstrumentationActivityInvoker$EmptyActivity }, activity=androidx.test.core.app.InstrumentationActivityInvoker$EmptyActivity@2a190f7
10-08 08:23:51.476  2624  2624 D LifecycleMonitor: Lifecycle status change: androidx.test.core.app.InstrumentationActivityInvoker$EmptyActivity@2a190f7 in: RESUMED
10-08 08:23:51.476  2624  2624 V ActivityScenario: Activity lifecycle changed event received but ignored because the intent does not match. startActivityIntent=Intent { act=android.intent.action.MAIN cat=[android.intent.category.LAUNCHER] cmp=com.example.dogglers/.MainActivity }, activity.getIntent()=Intent { act=android.intent.action.MAIN cat=[android.intent.category.LAUNCHER] flg=0x10000000 cmp=com.example.dogglers/androidx.test.core.app.InstrumentationActivityInvoker$EmptyActivity }, activity=androidx.test.core.app.InstrumentationActivityInvoker$EmptyActivity@2a190f7
10-08 08:23:52.190  2624  2657 I OpenGLRenderer: Davey! duration=713ms; Flags=0, IntendedVsync=433477454420, Vsync=433477454420, OldestInputEvent=9223372036854775807, NewestInputEvent=0, HandleInputStart=433480055381, AnimationStart=433480091140, PerformTraversalsStart=433480098683, DrawStart=433480196460, SyncQueued=433480377210, SyncStart=433480595394, IssueDrawCommandsStart=433480622771, SwapBuffers=433481311407, FrameCompleted=434190887344, DequeueBufferDuration=244000, QueueBufferDuration=424000,
10-08 08:23:53.794  2624  2657 I OpenGLRenderer: Davey! duration=1842ms; Flags=1, IntendedVsync=433477454420, Vsync=433477454420, OldestInputEvent=9223372036854775807, NewestInputEvent=0, HandleInputStart=433480055381, AnimationStart=433480091140, PerformTraversalsStart=433480098683, DrawStart=435239670080, SyncQueued=435242134919, SyncStart=435716417265, IssueDrawCommandsStart=435716667576, SwapBuffers=435753904711, FrameCompleted=435794073782, DequeueBufferDuration=10940000, QueueBufferDuration=13874000,
10-08 08:23:53.894  2624  2624 D LifecycleMonitor: Lifecycle status change: com.example.dogglers.MainActivity@898ebc1 in: DESTROYED
10-08 08:23:53.895  2624  2624 V ActivityScenario: Update currentActivityStage to DESTROYED, currentActivity=null
10-08 08:23:53.948  2624  2624 D LifecycleMonitor: Lifecycle status change: androidx.test.core.app.InstrumentationActivityInvoker$EmptyActivity@2a190f7 in: PAUSED
10-08 08:23:53.949  2624  2624 V ActivityScenario: Activity lifecycle changed event received but ignored because the intent does not match. startActivityIntent=Intent { act=android.intent.action.MAIN cat=[android.intent.category.LAUNCHER] cmp=com.example.dogglers/.MainActivity }, activity.getIntent()=Intent { act=android.intent.action.MAIN cat=[android.intent.category.LAUNCHER] flg=0x10000000 cmp=com.example.dogglers/androidx.test.core.app.InstrumentationActivityInvoker$EmptyActivity }, activity=androidx.test.core.app.InstrumentationActivityInvoker$EmptyActivity@2a190f7
10-08 08:23:54.107  2624  2624 D LifecycleMonitor: Lifecycle status change: androidx.test.core.app.InstrumentationActivityInvoker$BootstrapActivity@70a0caf in: DESTROYED
10-08 08:23:54.107  2624  2624 V ActivityScenario: Activity lifecycle changed event received but ignored because the intent does not match. startActivityIntent=Intent { act=android.intent.action.MAIN cat=[android.intent.category.LAUNCHER] cmp=com.example.dogglers/.MainActivity }, activity.getIntent()=Intent { act=android.intent.action.MAIN cat=[android.intent.category.LAUNCHER] flg=0x10008000 cmp=com.example.dogglers/androidx.test.core.app.InstrumentationActivityInvoker$BootstrapActivity (has extras) }, activity=androidx.test.core.app.InstrumentationActivityInvoker$BootstrapActivity@70a0caf
10-08 08:23:54.107  2624  2624 W ActivityThread: handleWindowVisibility: no activity for token android.os.BinderProxy@df84cce
10-08 08:23:54.116  2624  2624 D LifecycleMonitor: Lifecycle status change: androidx.test.core.app.InstrumentationActivityInvoker$EmptyActivity@f73a7ef in: PRE_ON_CREATE
10-08 08:23:54.116  2624  2624 V ActivityScenario: Activity lifecycle changed event received but ignored because the intent does not match. startActivityIntent=Intent { act=android.intent.action.MAIN cat=[android.intent.category.LAUNCHER] cmp=com.example.dogglers/.MainActivity }, activity.getIntent()=Intent { act=android.intent.action.MAIN cat=[android.intent.category.LAUNCHER] flg=0x10000000 cmp=com.example.dogglers/androidx.test.core.app.InstrumentationActivityInvoker$EmptyActivity }, activity=androidx.test.core.app.InstrumentationActivityInvoker$EmptyActivity@f73a7ef
10-08 08:23:54.123  2624  2624 D LifecycleMonitor: Lifecycle status change: androidx.test.core.app.InstrumentationActivityInvoker$EmptyActivity@f73a7ef in: CREATED
10-08 08:23:54.123  2624  2624 V ActivityScenario: Activity lifecycle changed event received but ignored because the intent does not match. startActivityIntent=Intent { act=android.intent.action.MAIN cat=[android.intent.category.LAUNCHER] cmp=com.example.dogglers/.MainActivity }, activity.getIntent()=Intent { act=android.intent.action.MAIN cat=[android.intent.category.LAUNCHER] flg=0x10000000 cmp=com.example.dogglers/androidx.test.core.app.InstrumentationActivityInvoker$EmptyActivity }, activity=androidx.test.core.app.InstrumentationActivityInvoker$EmptyActivity@f73a7ef
10-08 08:23:54.131  2624  2624 D LifecycleMonitor: Lifecycle status change: androidx.test.core.app.InstrumentationActivityInvoker$EmptyActivity@f73a7ef in: STARTED
10-08 08:23:54.131  2624  2624 V ActivityScenario: Activity lifecycle changed event received but ignored because the intent does not match. startActivityIntent=Intent { act=android.intent.action.MAIN cat=[android.intent.category.LAUNCHER] cmp=com.example.dogglers/.MainActivity }, activity.getIntent()=Intent { act=android.intent.action.MAIN cat=[android.intent.category.LAUNCHER] flg=0x10000000 cmp=com.example.dogglers/androidx.test.core.app.InstrumentationActivityInvoker$EmptyActivity }, activity=androidx.test.core.app.InstrumentationActivityInvoker$EmptyActivity@f73a7ef
10-08 08:23:54.135  2624  2624 D LifecycleMonitor: Lifecycle status change: androidx.test.core.app.InstrumentationActivityInvoker$EmptyActivity@f73a7ef in: RESUMED
10-08 08:23:54.135  2624  2624 V ActivityScenario: Activity lifecycle changed event received but ignored because the intent does not match. startActivityIntent=Intent { act=android.intent.action.MAIN cat=[android.intent.category.LAUNCHER] cmp=com.example.dogglers/.MainActivity }, activity.getIntent()=Intent { act=android.intent.action.MAIN cat=[android.intent.category.LAUNCHER] flg=0x10000000 cmp=com.example.dogglers/androidx.test.core.app.InstrumentationActivityInvoker$EmptyActivity }, activity=androidx.test.core.app.InstrumentationActivityInvoker$EmptyActivity@f73a7ef
10-08 08:23:54.158  2624  2624 D LifecycleMonitor: Lifecycle status change: com.example.dogglers.HorizontalListActivity@5cc655e in: STOPPED
10-08 08:23:54.158  2624  2624 V ActivityScenario: Activity lifecycle changed event received but ignored because the intent does not match. startActivityIntent=Intent { act=android.intent.action.MAIN cat=[android.intent.category.LAUNCHER] cmp=com.example.dogglers/.MainActivity }, activity.getIntent()=Intent { cmp=com.example.dogglers/.HorizontalListActivity }, activity=com.example.dogglers.HorizontalListActivity@5cc655e
10-08 08:23:55.110  2624  2624 D LifecycleMonitor: Lifecycle status change: androidx.test.core.app.InstrumentationActivityInvoker$EmptyActivity@2a190f7 in: STOPPED
10-08 08:23:55.110  2624  2624 V ActivityScenario: Activity lifecycle changed event received but ignored because the intent does not match. startActivityIntent=Intent { act=android.intent.action.MAIN cat=[android.intent.category.LAUNCHER] cmp=com.example.dogglers/.MainActivity }, activity.getIntent()=Intent { act=android.intent.action.MAIN cat=[android.intent.category.LAUNCHER] flg=0x10000000 cmp=com.example.dogglers/androidx.test.core.app.InstrumentationActivityInvoker$EmptyActivity }, activity=androidx.test.core.app.InstrumentationActivityInvoker$EmptyActivity@2a190f7
10-08 08:23:55.113  2624  2624 D LifecycleMonitor: Lifecycle status change: androidx.test.core.app.InstrumentationActivityInvoker$EmptyActivity@2a190f7 in: DESTROYED
10-08 08:23:55.118  2624  2624 V ActivityScenario: Activity lifecycle changed event received but ignored because the intent does not match. startActivityIntent=Intent { act=android.intent.action.MAIN cat=[android.intent.category.LAUNCHER] cmp=com.example.dogglers/.MainActivity }, activity.getIntent()=Intent { act=android.intent.action.MAIN cat=[android.intent.category.LAUNCHER] flg=0x10000000 cmp=com.example.dogglers/androidx.test.core.app.InstrumentationActivityInvoker$EmptyActivity }, activity=androidx.test.core.app.InstrumentationActivityInvoker$EmptyActivity@2a190f7
10-08 08:23:55.131   318   318 W SurfaceFlinger: couldn't log to binary event log: overflow.
10-08 08:23:55.133  2624  2624 D LifecycleMonitor: Lifecycle status change: androidx.test.core.app.InstrumentationActivityInvoker$EmptyActivity@f73a7ef in: PAUSED
10-08 08:23:55.135  2624  2624 V ActivityScenario: Activity lifecycle changed event received but ignored because the intent does not match. startActivityIntent=Intent { act=android.intent.action.MAIN cat=[android.intent.category.LAUNCHER] cmp=com.example.dogglers/.MainActivity }, activity.getIntent()=Intent { act=android.intent.action.MAIN cat=[android.intent.category.LAUNCHER] flg=0x10000000 cmp=com.example.dogglers/androidx.test.core.app.InstrumentationActivityInvoker$EmptyActivity }, activity=androidx.test.core.app.InstrumentationActivityInvoker$EmptyActivity@f73a7ef
10-08 08:23:55.183  2624  2624 D LifecycleMonitor: Lifecycle status change: com.example.dogglers.HorizontalListActivity@5cc655e in: RESTARTED
10-08 08:23:55.184  2624  2624 V ActivityScenario: Activity lifecycle changed event received but ignored because the intent does not match. startActivityIntent=Intent { act=android.intent.action.MAIN cat=[android.intent.category.LAUNCHER] cmp=com.example.dogglers/.MainActivity }, activity.getIntent()=Intent { cmp=com.example.dogglers/.HorizontalListActivity }, activity=com.example.dogglers.HorizontalListActivity@5cc655e
10-08 08:23:55.189  2624  2624 D LifecycleMonitor: Lifecycle status change: com.example.dogglers.HorizontalListActivity@5cc655e in: STARTED
10-08 08:23:55.190  2624  2624 V ActivityScenario: Activity lifecycle changed event received but ignored because the intent does not match. startActivityIntent=Intent { act=android.intent.action.MAIN cat=[android.intent.category.LAUNCHER] cmp=com.example.dogglers/.MainActivity }, activity.getIntent()=Intent { cmp=com.example.dogglers/.HorizontalListActivity }, activity=com.example.dogglers.HorizontalListActivity@5cc655e
10-08 08:23:55.191  2624  2624 D LifecycleMonitor: Lifecycle status change: com.example.dogglers.HorizontalListActivity@5cc655e in: RESUMED
10-08 08:23:55.192  2624  2624 V ActivityScenario: Activity lifecycle changed event received but ignored because the intent does not match. startActivityIntent=Intent { act=android.intent.action.MAIN cat=[android.intent.category.LAUNCHER] cmp=com.example.dogglers/.MainActivity }, activity.getIntent()=Intent { cmp=com.example.dogglers/.HorizontalListActivity }, activity=com.example.dogglers.HorizontalListActivity@5cc655e
10-08 08:23:55.208   661  2683 D         : HostConnection::get() New Host Connection established 0xdcd65b40, tid 2683
10-08 08:23:55.259  1087  1100 I droid.launcher: NativeAlloc concurrent copying GC freed 51818(3016KB) AllocSpace objects, 17(396KB) LOS objects, 49% free, 2570KB/5141KB, paused 136us total 157.680ms
10-08 08:23:55.262   822   837 I ndroid.systemu: NativeAlloc concurrent copying GC freed 2270(176KB) AllocSpace objects, 0(0B) LOS objects, 49% free, 4119KB/8238KB, paused 145us total 156.469ms
10-08 08:23:55.266  1087  1102 W InputChannel-JNI: Input channel object 'recents_animation_input_consumer (client)' was finalized without being disposed!
10-08 08:23:55.782  2624  2624 I Choreographer: Skipped 34 frames!  The application may be doing too much work on its main thread.
10-08 08:23:55.813  2624  2655 I TestRunner: finished: clicking_horizontal_list_button_displays_horizontal_list(com.example.dogglers.ButtonTests)
