10-08 08:22:39.586  2624  2655 I TestRunner: started: grid_list_button_is_displayed(com.example.dogglers.ButtonTests)
10-08 08:22:39.592  2624  2655 W Settings: Setting always_finish_activities has moved from android.provider.Settings.System to android.provider.Settings.Global, returning read-only value.
10-08 08:22:39.619   661   686 E system_server: Invalid ID 0x00000000.
10-08 08:22:39.627  2624  2624 W ActivityThread: handleWindowVisibility: no activity for token android.os.BinderProxy@56dd202
10-08 08:22:39.642  2624  2658 D libEGL  : Emulator has host GPU support, qemu.gles is set to 1.
10-08 08:22:39.636  2624  2624 I RenderThread: type=1400 audit(0.0:20): avc: denied { write } for name="property_service" dev="tmpfs" ino=9496 scontext=u:r:untrusted_app:s0:c108,c256,c512,c768 tcontext=u:object_r:property_socket:s0 tclass=sock_file permissive=1 app=com.example.dogglers
10-08 08:22:39.651  2624  2658 D libEGL  : loaded /vendor/lib/egl/libEGL_emulation.so
10-08 08:22:39.652  2624  2658 D libEGL  : loaded /vendor/lib/egl/libGLESv1_CM_emulation.so
10-08 08:22:39.654  2624  2658 D libEGL  : loaded /vendor/lib/egl/libGLESv2_emulation.so
10-08 08:22:39.869   661   686 W System  : ClassLoader referenced unknown path:
10-08 08:22:39.881  2624  2624 D LifecycleMonitor: Lifecycle status change: androidx.test.core.app.InstrumentationActivityInvoker$BootstrapActivity@7806d50 in: PRE_ON_CREATE
10-08 08:22:39.881  2624  2624 V ActivityScenario: Activity lifecycle changed event received but ignored because the intent does not match. startActivityIntent=Intent { act=android.intent.action.MAIN cat=[android.intent.category.LAUNCHER] cmp=com.example.dogglers/.MainActivity }, activity.getIntent()=Intent { act=android.intent.action.MAIN cat=[android.intent.category.LAUNCHER] flg=0x10008000 cmp=com.example.dogglers/androidx.test.core.app.InstrumentationActivityInvoker$BootstrapActivity (has extras) }, activity=androidx.test.core.app.InstrumentationActivityInvoker$BootstrapActivity@7806d50
10-08 08:22:39.945  2624  2624 D LifecycleMonitor: Lifecycle status change: androidx.test.core.app.InstrumentationActivityInvoker$BootstrapActivity@7806d50 in: CREATED
10-08 08:22:39.950  2624  2624 V ActivityScenario: Activity lifecycle changed event received but ignored because the intent does not match. startActivityIntent=Intent { act=android.intent.action.MAIN cat=[android.intent.category.LAUNCHER] cmp=com.example.dogglers/.MainActivity }, activity.getIntent()=Intent { act=android.intent.action.MAIN cat=[android.intent.category.LAUNCHER] flg=0x10008000 cmp=com.example.dogglers/androidx.test.core.app.InstrumentationActivityInvoker$BootstrapActivity (has extras) }, activity=androidx.test.core.app.InstrumentationActivityInvoker$BootstrapActivity@7806d50
10-08 08:22:39.957  2624  2624 D LifecycleMonitor: Lifecycle status change: androidx.test.core.app.InstrumentationActivityInvoker$BootstrapActivity@7806d50 in: STARTED
10-08 08:22:39.959  2624  2624 V ActivityScenario: Activity lifecycle changed event received but ignored because the intent does not match. startActivityIntent=Intent { act=android.intent.action.MAIN cat=[android.intent.category.LAUNCHER] cmp=com.example.dogglers/.MainActivity }, activity.getIntent()=Intent { act=android.intent.action.MAIN cat=[android.intent.category.LAUNCHER] flg=0x10008000 cmp=com.example.dogglers/androidx.test.core.app.InstrumentationActivityInvoker$BootstrapActivity (has extras) }, activity=androidx.test.core.app.InstrumentationActivityInvoker$BootstrapActivity@7806d50
10-08 08:22:39.999  2624  2624 D LifecycleMonitor: Lifecycle status change: androidx.test.core.app.InstrumentationActivityInvoker$BootstrapActivity@7806d50 in: RESUMED
10-08 08:22:40.000  2624  2624 V ActivityScenario: Activity lifecycle changed event received but ignored because the intent does not match. startActivityIntent=Intent { act=android.intent.action.MAIN cat=[android.intent.category.LAUNCHER] cmp=com.example.dogglers/.MainActivity }, activity.getIntent()=Intent { act=android.intent.action.MAIN cat=[android.intent.category.LAUNCHER] flg=0x10008000 cmp=com.example.dogglers/androidx.test.core.app.InstrumentationActivityInvoker$BootstrapActivity (has extras) }, activity=androidx.test.core.app.InstrumentationActivityInvoker$BootstrapActivity@7806d50
10-08 08:22:40.004  2624  2624 D LifecycleMonitor: Lifecycle status change: androidx.test.core.app.InstrumentationActivityInvoker$BootstrapActivity@7806d50 in: PAUSED
10-08 08:22:40.004  2624  2624 V ActivityScenario: Activity lifecycle changed event received but ignored because the intent does not match. startActivityIntent=Intent { act=android.intent.action.MAIN cat=[android.intent.category.LAUNCHER] cmp=com.example.dogglers/.MainActivity }, activity.getIntent()=Intent { act=android.intent.action.MAIN cat=[android.intent.category.LAUNCHER] flg=0x10008000 cmp=com.example.dogglers/androidx.test.core.app.InstrumentationActivityInvoker$BootstrapActivity (has extras) }, activity=androidx.test.core.app.InstrumentationActivityInvoker$BootstrapActivity@7806d50
10-08 08:22:40.008  2624  2624 W ActivityThread: handleWindowVisibility: no activity for token android.os.BinderProxy@767ea81
10-08 08:22:40.041  2624  2624 D LifecycleMonitor: Lifecycle status change: com.example.dogglers.MainActivity@182bfb2 in: PRE_ON_CREATE
10-08 08:22:40.041  2624  2624 V ActivityScenario: Activity lifecycle changed event received but ignored because the reported transition was not ON_CREATE while the last known transition was PRE_ON_CREATE
10-08 08:22:40.162  2624  2624 W xample.doggler: Accessing hidden method Landroid/view/View;->computeFitSystemWindows(Landroid/graphics/Rect;Landroid/graphics/Rect;)Z (greylist, reflection, allowed)
10-08 08:22:40.163  2624  2624 W xample.doggler: Accessing hidden method Landroid/view/ViewGroup;->makeOptionalFitsSystemWindows()V (greylist, reflection, allowed)
10-08 08:22:40.169  2624  2624 D LifecycleMonitor: Lifecycle status change: com.example.dogglers.MainActivity@182bfb2 in: CREATED
10-08 08:22:40.171  2624  2624 V ActivityScenario: Update currentActivityStage to CREATED, currentActivity=com.example.dogglers.MainActivity@182bfb2
10-08 08:22:40.173  2624  2624 D LifecycleMonitor: Lifecycle status change: com.example.dogglers.MainActivity@182bfb2 in: STARTED
10-08 08:22:40.174  2624  2624 V ActivityScenario: Update currentActivityStage to STARTED, currentActivity=com.example.dogglers.MainActivity@182bfb2
10-08 08:22:40.174  2624  2624 D LifecycleMonitor: Lifecycle status change: com.example.dogglers.MainActivity@182bfb2 in: RESUMED
10-08 08:22:40.174  2624  2624 V ActivityScenario: Update currentActivityStage to RESUMED, currentActivity=com.example.dogglers.MainActivity@182bfb2
10-08 08:22:40.191  2624  2655 D EventInjectionStrategy: Creating injection strategy with input manager.
10-08 08:22:40.191  2624  2655 W xample.doggler: Accessing hidden method Landroid/hardware/input/InputManager;->getInstance()Landroid/hardware/input/InputManager; (greylist, reflection, allowed)
10-08 08:22:40.191  2624  2655 W xample.doggler: Accessing hidden method Landroid/hardware/input/InputManager;->injectInputEvent(Landroid/view/InputEvent;I)Z (greylist, reflection, allowed)
10-08 08:22:40.191  2624  2655 W xample.doggler: Accessing hidden field Landroid/hardware/input/InputManager;->INJECT_INPUT_EVENT_MODE_WAIT_FOR_FINISH:I (greylist, reflection, allowed)
10-08 08:22:40.230  2624  2657 D         : HostConnection::get() New Host Connection established 0xe3bdb950, tid 2657
10-08 08:22:40.451  2624  2657 D         : HostComposition ext GL_OES_EGL_image_external_essl3 GL_OES_vertex_array_object GL_KHR_texture_compression_astc_ldr ANDROID_EMU_gles_max_version_3_1
10-08 08:22:40.451  2624  2657 W         : Process pipe failed
10-08 08:22:40.457  2624  2657 W OpenGLRenderer: Failed to choose config with EGL_SWAP_BEHAVIOR_PRESERVED, retrying without...
10-08 08:22:40.529   164   164 I hwservicemanager: getTransport: Cannot find entry android.hardware.graphics.mapper@3.0::IMapper/default in either framework or device manifest.
10-08 08:22:40.531   661   679 W Gralloc3: mapper 3.x is not supported
10-08 08:22:40.537   164   164 I hwservicemanager: getTransport: Cannot find entry android.hardware.graphics.allocator@3.0::IAllocator/default in either framework or device manifest.
10-08 08:22:40.538   661   679 W Gralloc3: allocator 3.x is not supported
10-08 08:22:45.593  2624  2657 D EGL_emulation: eglCreateContext: 0xe3b306a0: maj 3 min 1 rcv 4
10-08 08:22:45.595  1087  1572 I OpenGLRenderer: Davey! duration=5703ms; Flags=0, IntendedVsync=361890200589, Vsync=361890200589, OldestInputEvent=9223372036854775807, NewestInputEvent=0, HandleInputStart=361890479178, AnimationStart=361890511672, PerformTraversalsStart=361890515258, DrawStart=361890581456, SyncQueued=361890831797, SyncStart=361890993580, IssueDrawCommandsStart=361891089136, SwapBuffers=362155187399, FrameCompleted=367595185448, DequeueBufferDuration=1039000, QueueBufferDuration=698000,
10-08 08:22:46.951   661   679 D         : createUnique: call
10-08 08:22:46.952   661   679 D         : HostConnection::get() New Host Connection established 0xdcd67df0, tid 679
10-08 08:22:46.960   661   686 E eglCodecCommon: goldfish_dma_create_region: could not obtain fd to device! fd -1 errno=2
10-08 08:22:47.010   164   164 I hwservicemanager: getTransport: Cannot find entry android.hardware.graphics.mapper@3.0::IMapper/default in either framework or device manifest.
10-08 08:22:47.012  2624  2657 W Gralloc3: mapper 3.x is not supported
10-08 08:22:47.022  2624  2657 D         : createUnique: call
10-08 08:22:47.022  2624  2657 D         : HostConnection::get() New Host Connection established 0xe3bdcfd0, tid 2657
10-08 08:22:47.030  2624  2657 D         : HostComposition ext GL_OES_EGL_image_external_essl3 GL_OES_vertex_array_object GL_KHR_texture_compression_astc_ldr ANDROID_EMU_gles_max_version_3_1
10-08 08:22:47.190  2624  2657 E eglCodecCommon: goldfish_dma_create_region: could not obtain fd to device! fd -1 errno=2
10-08 08:22:49.952   661  1521 D WificondControl: Scan result ready event
10-08 08:22:51.392   377   377 I storaged: type=1400 audit(0.0:22): avc: denied { search } for name="block" dev="sysfs" ino=8769 scontext=u:r:storaged:s0 tcontext=u:object_r:sysfs_devices_block:s0 tclass=dir permissive=1
10-08 08:22:51.392   377   377 I storaged: type=1400 audit(0.0:23): avc: denied { read } for name="stat" dev="sysfs" ino=8783 scontext=u:r:storaged:s0 tcontext=u:object_r:sysfs_devices_block:s0 tclass=file permissive=1
10-08 08:22:51.392   377   377 I storaged: type=1400 audit(0.0:24): avc: denied { open } for path="/sys/devices/pci0000:00/0000:00:01.1/ata1/host0/target0:0:0/0:0:0:0/block/sda/stat" dev="sysfs" ino=8783 scontext=u:r:storaged:s0 tcontext=u:object_r:sysfs_devices_block:s0 tclass=file permissive=1
10-08 08:22:56.691  1349  2140 I Dialer  : OmtpVvmCarrierCfgHlpr - OmtpEvent:CONFIG_STATUS_SMS_TIME_OUT
10-08 08:22:56.691  1349  1349 I Dialer  : RetryPolicy - Retry limit for com.android.voicemail.impl.ActivationTask@1785726 reached
10-08 08:22:56.692  1349  1349 I Dialer  : RetryPolicy - committing deferred status: configuration_state=4
10-08 08:22:56.729  1376  2254 I VoicemailNotifier: receivers for android.intent.action.PROVIDER_CHANGED :[]
10-08 08:22:56.729  1349  1349 I Dialer  : VvmTaskExecutor - no more tasks, stopping service if no task are added in 5000 millis
10-08 08:23:00.015   299   382 D hwcomposer: hw_composer sent 565 syncs in 60s
10-08 08:23:00.906   661   679 W         : Unrecognized GLES max version string in extensions:
10-08 08:23:00.910   661   679 D         : HostComposition ext
10-08 08:23:00.913   661   679 W         : Process pipe failed
10-08 08:23:00.922   822  1136 I OpenGLRenderer: Davey! duration=4525ms; Flags=0, IntendedVsync=378395561359, Vsync=378395561359, OldestInputEvent=9223372036854775807, NewestInputEvent=0, HandleInputStart=378396329338, AnimationStart=378396357503, PerformTraversalsStart=378396407764, DrawStart=378396434087, SyncQueued=378396639180, SyncStart=378396992771, IssueDrawCommandsStart=378397042887, SwapBuffers=378398044715, FrameCompleted=382922489815, DequeueBufferDuration=1112000, QueueBufferDuration=3607000,
10-08 08:23:02.360  1349  1349 I Dialer  : VvmTaskExecutor - Stopping service
10-08 08:23:02.360  1349  1349 I Dialer  : VvmTaskExecutor - finishing Job
10-08 08:23:02.360  1349  1349 I Dialer  : TaskSchedulerJobService - finishing job
10-08 08:23:02.362   821   821 I wpa_supplicant: wlan0: CTRL-EVENT-BEACON-LOSS
10-08 08:23:02.364   822  1136 I OpenGLRenderer: Davey! duration=1443ms; Flags=0, IntendedVsync=378412511501, Vsync=378412511501, OldestInputEvent=9223372036854775807, NewestInputEvent=0, HandleInputStart=378413197366, AnimationStart=378413210220, PerformTraversalsStart=378413214345, DrawStart=378414875103, SyncQueued=378414902077, SyncStart=382923606598, IssueDrawCommandsStart=382923672420, SwapBuffers=382934562115, FrameCompleted=384364639381, DequeueBufferDuration=1421031000, QueueBufferDuration=688000,
10-08 08:23:02.366   822   822 D KeyguardClockSwitch: Updating clock: 8î¸23
10-08 08:23:02.369  1349  1349 I Dialer  : JobFinishedPoller.run - Job finished
10-08 08:23:02.369  1349  1349 I Dialer  : VvmTaskExecutor - terminated
10-08 08:23:03.048   661   686 I Choreographer: Skipped 1386 frames!  The application may be doing too much work on its main thread.
10-08 08:23:03.051   661  2673 D libEGL  : Emulator has host GPU support, qemu.gles is set to 1.
10-08 08:23:03.054   661  2673 D libEGL  : loaded /vendor/lib/egl/libEGL_emulation.so
10-08 08:23:03.056   661  2673 D libEGL  : loaded /vendor/lib/egl/libGLESv1_CM_emulation.so
10-08 08:23:03.058   661  2673 D libEGL  : loaded /vendor/lib/egl/libGLESv2_emulation.so
10-08 08:23:03.077   661  2673 D         : HostConnection::get() New Host Connection established 0xdcd663b0, tid 2673
10-08 08:23:03.563   661  2673 D         : HostComposition ext GL_OES_EGL_image_external_essl3 GL_OES_vertex_array_object GL_KHR_texture_compression_astc_ldr ANDROID_EMU_gles_max_version_3_1
10-08 08:23:03.567   661  2673 W OpenGLRenderer: Failed to choose config with EGL_SWAP_BEHAVIOR_PRESERVED, retrying without...
10-08 08:23:04.657   661  2673 D EGL_emulation: eglCreateContext: 0xdcd1c6a0: maj 3 min 1 rcv 4
10-08 08:23:04.865   661   679 D         : HostConnection::get() New Host Connection established 0xdcd68c50, tid 679
10-08 08:23:07.331   661   679 D         : HostComposition ext GL_OES_EGL_image_external_essl3 GL_OES_vertex_array_object GL_KHR_texture_compression_astc_ldr ANDROID_EMU_gles_max_version_3_1
10-08 08:23:07.548   661   686 I Choreographer: Skipped 269 frames!  The application may be doing too much work on its main thread.
10-08 08:23:09.963  2624  2657 I OpenGLRenderer: Davey! duration=19420ms; Flags=1, IntendedVsync=362193713189, Vsync=362193713189, OldestInputEvent=9223372036854775807, NewestInputEvent=0, HandleInputStart=362198132135, AnimationStart=362198176530, PerformTraversalsStart=362198186172, DrawStart=369193447359, SyncQueued=369234101475, SyncStart=379582796762, IssueDrawCommandsStart=379582902755, SwapBuffers=390465016363, FrameCompleted=391962560309, DequeueBufferDuration=368000, QueueBufferDuration=7956000,
10-08 08:23:09.979   661   690 I ActivityTaskManager: Displayed com.example.dogglers/.MainActivity: +30s377ms
10-08 08:23:09.999  2624  2655 W xample.doggler: Accessing hidden method Lsun/misc/Unsafe;->getUnsafe()Lsun/misc/Unsafe; (greylist,core-platform-api, linking, allowed)
10-08 08:23:09.999  2624  2655 W xample.doggler: Accessing hidden method Lsun/misc/Unsafe;->objectFieldOffset(Ljava/lang/reflect/Field;)J (greylist,core-platform-api, linking, allowed)
10-08 08:23:10.001  2624  2655 W xample.doggler: Accessing hidden method Lsun/misc/Unsafe;->putObject(Ljava/lang/Object;JLjava/lang/Object;)V (greylist, linking, allowed)
10-08 08:23:10.005  2624  2676 W xample.doggler: Accessing hidden method Lsun/misc/Unsafe;->compareAndSwapObject(Ljava/lang/Object;JLjava/lang/Object;Ljava/lang/Object;)Z (greylist, linking, allowed)
10-08 08:23:10.006  2624  2676 W xample.doggler: Accessing hidden method Lsun/misc/Unsafe;->getObject(Ljava/lang/Object;J)Ljava/lang/Object; (greylist, linking, allowed)
10-08 08:23:10.025  2624  2624 I Choreographer: Skipped 1788 frames!  The application may be doing too much work on its main thread.
10-08 08:23:10.044  2624  2624 D LifecycleMonitor: Lifecycle status change: androidx.test.core.app.InstrumentationActivityInvoker$BootstrapActivity@7806d50 in: STOPPED
10-08 08:23:10.045  2624  2624 V ActivityScenario: Activity lifecycle changed event received but ignored because the intent does not match. startActivityIntent=Intent { act=android.intent.action.MAIN cat=[android.intent.category.LAUNCHER] cmp=com.example.dogglers/.MainActivity }, activity.getIntent()=Intent { act=android.intent.action.MAIN cat=[android.intent.category.LAUNCHER] flg=0x10008000 cmp=com.example.dogglers/androidx.test.core.app.InstrumentationActivityInvoker$BootstrapActivity (has extras) }, activity=androidx.test.core.app.InstrumentationActivityInvoker$BootstrapActivity@7806d50
10-08 08:23:10.052  2624  2624 W xample.doggler: Accessing hidden method Landroid/os/MessageQueue;->next()Landroid/os/Message; (greylist, reflection, allowed)
10-08 08:23:10.052  2624  2624 W xample.doggler: Accessing hidden field Landroid/os/MessageQueue;->mMessages:Landroid/os/Message; (greylist, reflection, allowed)
10-08 08:23:10.052  2624  2624 W xample.doggler: Accessing hidden method Landroid/os/Message;->recycleUnchecked()V (greylist, reflection, allowed)
10-08 08:23:10.125  2624  2657 I OpenGLRenderer: Davey! duration=29914ms; Flags=0, IntendedVsync=362210591908, Vsync=392010590716, OldestInputEvent=9223372036854775807, NewestInputEvent=0, HandleInputStart=392025250799, AnimationStart=392025302430, PerformTraversalsStart=392027698132, DrawStart=392030513619, SyncQueued=392031048519, SyncStart=392031494178, IssueDrawCommandsStart=392032382996, SwapBuffers=392033763469, FrameCompleted=392125498905, DequeueBufferDuration=555000, QueueBufferDuration=1173000,
10-08 08:23:10.171  2624  2624 W xample.doggler: Accessing hidden method Landroid/view/WindowManagerGlobal;->getInstance()Landroid/view/WindowManagerGlobal; (greylist, reflection, allowed)
10-08 08:23:10.171  2624  2624 W xample.doggler: Accessing hidden field Landroid/view/WindowManagerGlobal;->mViews:Ljava/util/ArrayList; (greylist, reflection, allowed)
10-08 08:23:10.171  2624  2624 W xample.doggler: Accessing hidden field Landroid/view/WindowManagerGlobal;->mParams:Ljava/util/ArrayList; (greylist, reflection, allowed)
10-08 08:23:10.182  2624  2624 I ViewInteraction: Checking 'MatchesViewAssertion{viewMatcher=(view has effective visibility <VISIBLE> and view.getGlobalVisibleRect() to return non-empty rectangle)}' assertion on view view.getId() is <2131230936/com.example.dogglers:id/grid_btn>
10-08 08:23:10.199  2624  2624 D LifecycleMonitor: Lifecycle status change: com.example.dogglers.MainActivity@182bfb2 in: PAUSED
10-08 08:23:10.199  2624  2624 V ActivityScenario: Update currentActivityStage to PAUSED, currentActivity=com.example.dogglers.MainActivity@182bfb2
10-08 08:23:10.201  2624  2624 W ActivityThread: handleWindowVisibility: no activity for token android.os.BinderProxy@68e2a73
10-08 08:23:10.209  2624  2624 D LifecycleMonitor: Lifecycle status change: androidx.test.core.app.InstrumentationActivityInvoker$EmptyActivity@c7aada9 in: PRE_ON_CREATE
10-08 08:23:10.210  2624  2624 V ActivityScenario: Activity lifecycle changed event received but ignored because the intent does not match. startActivityIntent=Intent { act=android.intent.action.MAIN cat=[android.intent.category.LAUNCHER] cmp=com.example.dogglers/.MainActivity }, activity.getIntent()=Intent { act=android.intent.action.MAIN cat=[android.intent.category.LAUNCHER] flg=0x10000000 cmp=com.example.dogglers/androidx.test.core.app.InstrumentationActivityInvoker$EmptyActivity }, activity=androidx.test.core.app.InstrumentationActivityInvoker$EmptyActivity@c7aada9
10-08 08:23:10.217  2624  2624 D LifecycleMonitor: Lifecycle status change: androidx.test.core.app.InstrumentationActivityInvoker$EmptyActivity@c7aada9 in: CREATED
10-08 08:23:10.217  2624  2624 V ActivityScenario: Activity lifecycle changed event received but ignored because the intent does not match. startActivityIntent=Intent { act=android.intent.action.MAIN cat=[android.intent.category.LAUNCHER] cmp=com.example.dogglers/.MainActivity }, activity.getIntent()=Intent { act=android.intent.action.MAIN cat=[android.intent.category.LAUNCHER] flg=0x10000000 cmp=com.example.dogglers/androidx.test.core.app.InstrumentationActivityInvoker$EmptyActivity }, activity=androidx.test.core.app.InstrumentationActivityInvoker$EmptyActivity@c7aada9
10-08 08:23:10.220  2624  2624 D LifecycleMonitor: Lifecycle status change: androidx.test.core.app.InstrumentationActivityInvoker$EmptyActivity@c7aada9 in: STARTED
10-08 08:23:10.220  2624  2624 V ActivityScenario: Activity lifecycle changed event received but ignored because the intent does not match. startActivityIntent=Intent { act=android.intent.action.MAIN cat=[android.intent.category.LAUNCHER] cmp=com.example.dogglers/.MainActivity }, activity.getIntent()=Intent { act=android.intent.action.MAIN cat=[android.intent.category.LAUNCHER] flg=0x10000000 cmp=com.example.dogglers/androidx.test.core.app.InstrumentationActivityInvoker$EmptyActivity }, activity=androidx.test.core.app.InstrumentationActivityInvoker$EmptyActivity@c7aada9
10-08 08:23:10.221  2624  2624 D LifecycleMonitor: Lifecycle status change: androidx.test.core.app.InstrumentationActivityInvoker$EmptyActivity@c7aada9 in: RESUMED
10-08 08:23:10.222  2624  2624 V ActivityScenario: Activity lifecycle changed event received but ignored because the intent does not match. startActivityIntent=Intent { act=android.intent.action.MAIN cat=[android.intent.category.LAUNCHER] cmp=com.example.dogglers/.MainActivity }, activity.getIntent()=Intent { act=android.intent.action.MAIN cat=[android.intent.category.LAUNCHER] flg=0x10000000 cmp=com.example.dogglers/androidx.test.core.app.InstrumentationActivityInvoker$EmptyActivity }, activity=androidx.test.core.app.InstrumentationActivityInvoker$EmptyActivity@c7aada9
10-08 08:23:11.941  2624  2657 I OpenGLRenderer: Davey! duration=1371ms; Flags=1, IntendedVsync=392229828995, Vsync=392229828995, OldestInputEvent=9223372036854775807, NewestInputEvent=0, HandleInputStart=392230567819, AnimationStart=392230681784, PerformTraversalsStart=392230693224, DrawStart=392260270690, SyncQueued=392262987059, SyncStart=392603155784, IssueDrawCommandsStart=392603200169, SwapBuffers=393782545938, FrameCompleted=393941709519, DequeueBufferDuration=612000, QueueBufferDuration=972000,
10-08 08:23:11.992  2624  2657 I OpenGLRenderer: Davey! duration=1745ms; Flags=1, IntendedVsync=392229828995, Vsync=392229828995, OldestInputEvent=9223372036854775807, NewestInputEvent=0, HandleInputStart=392230567819, AnimationStart=392230681784, PerformTraversalsStart=392230693224, DrawStart=393942574227, SyncQueued=393950674386, SyncStart=393967565027, IssueDrawCommandsStart=393967740382, SwapBuffers=393975423459, FrameCompleted=393992446992, DequeueBufferDuration=683000, QueueBufferDuration=624000,
10-08 08:23:12.079  2624  2624 D LifecycleMonitor: Lifecycle status change: androidx.test.core.app.InstrumentationActivityInvoker$EmptyActivity@c7aada9 in: PAUSED
10-08 08:23:12.079  2624  2624 V ActivityScenario: Activity lifecycle changed event received but ignored because the intent does not match. startActivityIntent=Intent { act=android.intent.action.MAIN cat=[android.intent.category.LAUNCHER] cmp=com.example.dogglers/.MainActivity }, activity.getIntent()=Intent { act=android.intent.action.MAIN cat=[android.intent.category.LAUNCHER] flg=0x10000000 cmp=com.example.dogglers/androidx.test.core.app.InstrumentationActivityInvoker$EmptyActivity }, activity=androidx.test.core.app.InstrumentationActivityInvoker$EmptyActivity@c7aada9
10-08 08:23:12.090  2624  2624 D LifecycleMonitor: Lifecycle status change: androidx.test.core.app.InstrumentationActivityInvoker$BootstrapActivity@7806d50 in: DESTROYED
10-08 08:23:12.091  2624  2624 V ActivityScenario: Activity lifecycle changed event received but ignored because the intent does not match. startActivityIntent=Intent { act=android.intent.action.MAIN cat=[android.intent.category.LAUNCHER] cmp=com.example.dogglers/.MainActivity }, activity.getIntent()=Intent { act=android.intent.action.MAIN cat=[android.intent.category.LAUNCHER] flg=0x10008000 cmp=com.example.dogglers/androidx.test.core.app.InstrumentationActivityInvoker$BootstrapActivity (has extras) }, activity=androidx.test.core.app.InstrumentationActivityInvoker$BootstrapActivity@7806d50
10-08 08:23:12.092  2624  2624 W ActivityThread: handleWindowVisibility: no activity for token android.os.BinderProxy@206803a
10-08 08:23:12.101  2624  2624 D LifecycleMonitor: Lifecycle status change: androidx.test.core.app.InstrumentationActivityInvoker$EmptyActivity@eb274eb in: PRE_ON_CREATE
10-08 08:23:12.102  2624  2624 V ActivityScenario: Activity lifecycle changed event received but ignored because the intent does not match. startActivityIntent=Intent { act=android.intent.action.MAIN cat=[android.intent.category.LAUNCHER] cmp=com.example.dogglers/.MainActivity }, activity.getIntent()=Intent { act=android.intent.action.MAIN cat=[android.intent.category.LAUNCHER] flg=0x10000000 cmp=com.example.dogglers/androidx.test.core.app.InstrumentationActivityInvoker$EmptyActivity }, activity=androidx.test.core.app.InstrumentationActivityInvoker$EmptyActivity@eb274eb
10-08 08:23:12.115  2624  2624 D LifecycleMonitor: Lifecycle status change: androidx.test.core.app.InstrumentationActivityInvoker$EmptyActivity@eb274eb in: CREATED
10-08 08:23:12.115  2624  2624 V ActivityScenario: Activity lifecycle changed event received but ignored because the intent does not match. startActivityIntent=Intent { act=android.intent.action.MAIN cat=[android.intent.category.LAUNCHER] cmp=com.example.dogglers/.MainActivity }, activity.getIntent()=Intent { act=android.intent.action.MAIN cat=[android.intent.category.LAUNCHER] flg=0x10000000 cmp=com.example.dogglers/androidx.test.core.app.InstrumentationActivityInvoker$EmptyActivity }, activity=androidx.test.core.app.InstrumentationActivityInvoker$EmptyActivity@eb274eb
10-08 08:23:12.120  2624  2624 D LifecycleMonitor: Lifecycle status change: androidx.test.core.app.InstrumentationActivityInvoker$EmptyActivity@eb274eb in: STARTED
10-08 08:23:12.121  2624  2624 V ActivityScenario: Activity lifecycle changed event received but ignored because the intent does not match. startActivityIntent=Intent { act=android.intent.action.MAIN cat=[android.intent.category.LAUNCHER] cmp=com.example.dogglers/.MainActivity }, activity.getIntent()=Intent { act=android.intent.action.MAIN cat=[android.intent.category.LAUNCHER] flg=0x10000000 cmp=com.example.dogglers/androidx.test.core.app.InstrumentationActivityInvoker$EmptyActivity }, activity=androidx.test.core.app.InstrumentationActivityInvoker$EmptyActivity@eb274eb
10-08 08:23:12.123  2624  2624 D LifecycleMonitor: Lifecycle status change: androidx.test.core.app.InstrumentationActivityInvoker$EmptyActivity@eb274eb in: RESUMED
10-08 08:23:12.123  2624  2624 V ActivityScenario: Activity lifecycle changed event received but ignored because the intent does not match. startActivityIntent=Intent { act=android.intent.action.MAIN cat=[android.intent.category.LAUNCHER] cmp=com.example.dogglers/.MainActivity }, activity.getIntent()=Intent { act=android.intent.action.MAIN cat=[android.intent.category.LAUNCHER] flg=0x10000000 cmp=com.example.dogglers/androidx.test.core.app.InstrumentationActivityInvoker$EmptyActivity }, activity=androidx.test.core.app.InstrumentationActivityInvoker$EmptyActivity@eb274eb
10-08 08:23:12.129  2624  2624 D LifecycleMonitor: Lifecycle status change: com.example.dogglers.MainActivity@182bfb2 in: STOPPED
10-08 08:23:12.129  2624  2624 V ActivityScenario: Update currentActivityStage to STOPPED, currentActivity=com.example.dogglers.MainActivity@182bfb2
10-08 08:23:12.130  2624  2624 D LifecycleMonitor: Lifecycle status change: com.example.dogglers.MainActivity@182bfb2 in: DESTROYED
10-08 08:23:12.130  2624  2624 V ActivityScenario: Update currentActivityStage to DESTROYED, currentActivity=null
10-08 08:23:12.476   318  1134 D PermissionCache: checking android.permission.READ_FRAME_BUFFER for uid=1000 => granted (1814 us)
10-08 08:23:12.824   661   686 W system_server: Long monitor contention with owner Binder:661_2 (679) at boolean com.android.server.wm.ActivityTaskManagerService.finishActivity(android.os.IBinder, int, android.content.Intent, int)(ActivityTaskManagerService.java:1564) waiters=1 in void com.android.server.wm.InputMonitor$1.run() for 352ms
10-08 08:23:12.836  2624  2624 D LifecycleMonitor: Lifecycle status change: androidx.test.core.app.InstrumentationActivityInvoker$EmptyActivity@c7aada9 in: STOPPED
10-08 08:23:12.837  2624  2624 V ActivityScenario: Activity lifecycle changed event received but ignored because the intent does not match. startActivityIntent=Intent { act=android.intent.action.MAIN cat=[android.intent.category.LAUNCHER] cmp=com.example.dogglers/.MainActivity }, activity.getIntent()=Intent { act=android.intent.action.MAIN cat=[android.intent.category.LAUNCHER] flg=0x10000000 cmp=com.example.dogglers/androidx.test.core.app.InstrumentationActivityInvoker$EmptyActivity }, activity=androidx.test.core.app.InstrumentationActivityInvoker$EmptyActivity@c7aada9
10-08 08:23:12.842  2624  2624 D LifecycleMonitor: Lifecycle status change: androidx.test.core.app.InstrumentationActivityInvoker$EmptyActivity@c7aada9 in: DESTROYED
10-08 08:23:12.843  2624  2624 V ActivityScenario: Activity lifecycle changed event received but ignored because the intent does not match. startActivityIntent=Intent { act=android.intent.action.MAIN cat=[android.intent.category.LAUNCHER] cmp=com.example.dogglers/.MainActivity }, activity.getIntent()=Intent { act=android.intent.action.MAIN cat=[android.intent.category.LAUNCHER] flg=0x10000000 cmp=com.example.dogglers/androidx.test.core.app.InstrumentationActivityInvoker$EmptyActivity }, activity=androidx.test.core.app.InstrumentationActivityInvoker$EmptyActivity@c7aada9
10-08 08:23:12.850  2624  2624 D LifecycleMonitor: Lifecycle status change: androidx.test.core.app.InstrumentationActivityInvoker$EmptyActivity@eb274eb in: PAUSED
10-08 08:23:12.851  2624  2624 V ActivityScenario: Activity lifecycle changed event received but ignored because the intent does not match. startActivityIntent=Intent { act=android.intent.action.MAIN cat=[android.intent.category.LAUNCHER] cmp=com.example.dogglers/.MainActivity }, activity.getIntent()=Intent { act=android.intent.action.MAIN cat=[android.intent.category.LAUNCHER] flg=0x10000000 cmp=com.example.dogglers/androidx.test.core.app.InstrumentationActivityInvoker$EmptyActivity }, activity=androidx.test.core.app.InstrumentationActivityInvoker$EmptyActivity@eb274eb
10-08 08:23:12.856   318   318 W SurfaceFlinger: couldn't log to binary event log: overflow.
10-08 08:23:12.859  2624  2655 I TestRunner: finished: grid_list_button_is_displayed(com.example.dogglers.ButtonTests)
